// Jest Snapshot v1, https://goo.gl/fbAQLP

exports[`PostsView matches snapshot 1`] = `
<div>
  <div
    id="title"
    style={
      Object {
        "marginBottom": "40px",
      }
    }
  >
    <h1>
      Posts
    </h1>
  </div>
  <div>
    <div
      className="mb-4 card"
    >
      <div
        className="row"
      >
        <div
          className="col-md-auto"
        >
          <img
            alt="80x80"
            className="m-3"
            height={80}
            src="https://upload.wikimedia.org/wikipedia/commons/7/7c/Profile_avatar_placeholder_large.png"
            width={80}
          />
        </div>
        <div
          className="col"
        >
          <div
            className="card-body"
          >
            <div
              className="card-title h5"
            >
              What is on your mind?
            </div>
            <form
              className=""
              onSubmit={[Function]}
              style={
                Object {
                  "marginTop": "20px",
                }
              }
            >
              <div
                className="form-group"
              >
                <textarea
                  className="form-control"
                  id="Post-content-composer"
                  name="message"
                />
              </div>
              <div
                className="form-group"
              >
                <div
                  className="custom custom-file"
                >
                  <input
                    className="custom-file-input"
                    disabled={false}
                    id="file"
                    onChange={[Function]}
                    type="file"
                  />
                  <label
                    className="custom-file-label"
                    htmlFor="file"
                  >
                    Upload an attachment...
                  </label>
                </div>
                <small
                  className="text-muted form-text"
                >
                  Upload a file.
                </small>
              </div>
              <div
                className="form-group"
              >
                <button
                  className="btn btn-primary btn-sm"
                  disabled={false}
                  type="submit"
                >
                  Post
                </button>
              </div>
            </form>
          </div>
        </div>
      </div>
    </div>
  </div>
  <h5>
    Your Feed
  </h5>
  <hr />
  <div>
    <div
      className="row"
    >
      <div
        className="col"
      />
      <div
        className="col-md-4 offset-md-0"
      >
        <div
          className="mb-3 input-group"
        >
          <div
            className="input-group-prepend"
          >
            <span
              className="input-group-text"
            >
              Filter by #
            </span>
          </div>
          <input
            className="form-control"
            onChange={[Function]}
            placeholder="hashtag"
            value=""
          />
        </div>
      </div>
    </div>
  </div>
  <div />
  No posts.
</div>
`;
